 |    Date    |  Operation |   Amount   |   Balance  |
 | 15/12/2019 | Debit      | 350€       | 1150€      | 
 | 13/12/2019 | Credit     | 1500€      | 1500€      | 